
> seb-code-canvas-next@0.1.0 build
> next build

   Γû▓ Next.js 16.0.3 (Turbopack)

   Creating an optimized production build ...
 Γ£ô Compiled successfully in 5.4s
   Running TypeScript ...
node.exe : Failed to compile.
At line:1 char:1
+ & "C:\Program Files\nodejs/node.exe" 
"C:\Program Files\nodejs/node_mo ...
+ ~~~~~~~~~~~~~~~~~~~~~~~~~~~~~~~~~~~~~~~~~~~~~~~~
~~~~~~~~~~~~~~~~~~~~~
    + CategoryInfo          : NotSpecified: (Fail 
   ed to compile.:String) [], RemoteException
    + FullyQualifiedErrorId : NativeCommandError
 

./src/components/theme-provider.tsx:6:41
Type error: Cannot find module 
'next-themes/dist/types' or its corresponding 
type declarations.

[0m [90m 4 |[39m [36mimport[39m [33m*[39m 
[36mas[39m [33mReact[39m [36mfrom[39m 
[32m'react'[39m
 [90m 5 |[39m [36mimport[39m { 
[33mThemeProvider[39m [36mas[39m 
[33mNextThemesProvider[39m } [36mfrom[39m 
[32m'next-themes'[39m
[31m[1m>[22m[39m[90m 6 |[39m 
[36mimport[39m { type 
[33mThemeProviderProps[39m } [36mfrom[39m 
[32m'next-themes/dist/types'[39m
 [90m   |[39m                                   
      [31m[1m^[22m[39m
 [90m 7 |[39m
 [90m 8 |[39m [36mexport[39m 
[36mfunction[39m [33mThemeProvider[39m({ 
children[33m,[39m [33m...[39mprops 
}[33m:[39m [33mThemeProviderProps[39m) {
 [90m 9 |[39m   [36mreturn[39m 
[33m<[39m[33mNextThemesProvider[39m {[33m...
[39mprops}[33m>[39m{children}[33m<[39m[33m/[
39m[33mNextThemesProvider[39m[33m>[39m[0m
Next.js build worker exited with code: 1 and 
signal: null
